// Jest Snapshot v1, https://goo.gl/fbAQLP

exports[`test add category should view 1`] = `
<form
  onSubmit={[Function]}
>
  <input
    onChange={[Function]}
    placeholder="Search"
    type="text"
    value=""
  />
</form>
`;
