// Jest Snapshot v1, https://goo.gl/fbAQLP

exports[`GiftGridItem should view component 1`] = `
<div
  className="card animate__animated animate__fadeInDown"
>
  <img />
  <p />
</div>
`;
